[dotenv@17.2.4] injecting env (6) from .env -- tip: ≡ƒùé∩╕Å backup and recover secrets: https://dotenvx.com/ops
Testing database connection...
node.exe : 
(node:29508) Warning: 
SECURITY WARNING: The 
SSL modes 'prefer', 
'require', and 
'verify-ca' are 
treated as aliases for 
'verify-full'.
At C:\Users\HP\AppData\
Roaming\npm\npx.ps1:24 
char:5
+     & "node$exe"  "$b
asedir/node_modules/npm
/bin/npx-cli.js" $args
+     ~~~~~~~~~~~~~~~~~
~~~~~~~~~~~~~~~~~~~~~~~
~~~~~~~~~~~~~~~~~~~~~~
    + CategoryInfo     
         : NotSpecifi  
  ed: ((node:29508)    
 Wa... 'verify-full    
'.:String) [], Rem    
oteException
    + FullyQualifiedEr 
   rorId : NativeComm  
  andError
 
In the next major 
version 
(pg-connection-string 
v3.0.0 and pg v9.0.0), 
these modes will adopt 
standard libpq 
semantics, which have 
weaker security 
guarantees.

To prepare for this 
change:
- If you want the 
current behavior, 
explicitly use 
'sslmode=verify-full'
- If you want libpq 
compatibility now, use 
'uselibpqcompat=true&ss
lmode=require'

See https://www.postgre
sql.org/docs/current/li
bpq-ssl.html for libpq 
SSL mode definitions.
(Use `node 
--trace-warnings ...` 
to show where the 
warning was created)
Database connection 
failed: PrismaClientKno
wnRequestError: 
Invalid 
`prisma.$queryRaw()` 
invocation:



    at 
Gr.handleRequestError (
E:\CityPulse\backend\no
de_modules\@prisma\clie
nt\src\runtime\RequestH
andler.ts:237:13)
    at Gr.handleAndLogR
equestError (E:\CityPul
se\backend\node_modules
\@prisma\client\src\run
time\RequestHandler.ts:
183:12)
    at Gr.request (E:\C
ityPulse\backend\node_m
odules\@prisma\client\s
rc\runtime\RequestHandl
er.ts:152:12)
    at processTicksAndR
ejections (node:interna
l/process/task_queues:1
05:5)
    at async a (E:\City
Pulse\backend\node_modu
les\@prisma\client\src\
runtime\getPrismaClient
.ts:938:24)
    at async main (E:\C
ityPulse\backend\test-p
risma-connection.ts:9:2
0) {
  code: 'ETIMEDOUT',
  meta: undefined,
  clientVersion: 
'7.6.0'
}
Error name: PrismaClien
tKnownRequestError
Error message: 
Invalid 
`prisma.$queryRaw()` 
invocation:



