node.exe : (node:5628) Warning: 
SECURITY WARNING: The SSL modes 
'prefer', 'require', and 'verify-ca' 
are treated as aliases for 
'verify-full'.
At C:\Users\HP\AppData\Roaming\npm\npx
.ps1:24 char:5
+     & "node$exe"  "$basedir/node_mod
ules/npm/bin/npx-cli.js" $args
+     ~~~~~~~~~~~~~~~~~~~~~~~~~~~~~~~~
~~~~~~~~~~~~~~~~~~~~~~~~~~~~~~
    + CategoryInfo          : NotSpec 
   ified: ((node:5628) War... 'verif  
  y-full'.:String) [], RemoteExcept   
 ion
    + FullyQualifiedErrorId : NativeC 
   ommandError
 
In the next major version 
(pg-connection-string v3.0.0 and pg 
v9.0.0), these modes will adopt 
standard libpq semantics, which have 
weaker security guarantees.

To prepare for this change:
- If you want the current behavior, 
explicitly use 'sslmode=verify-full'
- If you want libpq compatibility 
now, use 
'uselibpqcompat=true&sslmode=require'

See https://www.postgresql.org/docs/cu
rrent/libpq-ssl.html for libpq SSL 
mode definitions.
(Use `node --trace-warnings ...` to 
show where the warning was created)
Error: PrismaClientKnownRequestError: 
Transaction API error: Unable to 
start a transaction in the given time.
    at jt.#transformRequestError (E:\C
ityPulse\backend\node_modules\@prisma\
client\src\runtime\core\engines\client
\ClientEngine.ts:299:14)
    at jt.transaction (E:\CityPulse\ba
ckend\node_modules\@prisma\client\src\
runtime\core\engines\client\ClientEngi
ne.ts:452:18)
    at async 
Proxy._transactionWithCallback (E:\Cit
yPulse\backend\node_modules\@prisma\cl
ient\src\runtime\getPrismaClient.ts:77
3:16)
    at async main (E:\CityPulse\backen
d\test-lock-seats.ts:5:19) {
  code: 'P2028',
  meta: {},
  clientVersion: '7.5.0'
}
